#-----------------------------------------------------------
# Vivado v2025.1 (64-bit)
# SW Build 6140274 on Thu May 22 00:12:29 MDT 2025
# IP Build 6138677 on Thu May 22 03:10:11 MDT 2025
# SharedData Build 6139179 on Tue May 20 17:58:58 MDT 2025
# Start of session at: Fri Dec  5 18:10:43 2025
# Process ID         : 2340
# Current directory  : C:/Users/Mateusz Kozlowski/Documents/zampf/ZAMFP
# Command line       : vivado.exe -gui_launcher_event rodinguilauncherevent2644 C:\Users\Mateusz Kozlowski\Documents\zampf\ZAMFP\ZAMFP.xpr
# Log file           : C:/Users/Mateusz Kozlowski/Documents/zampf/ZAMFP/vivado.log
# Journal file       : C:/Users/Mateusz Kozlowski/Documents/zampf/ZAMFP\vivado.jou
# Running On         : DESKTOP-SD4CE53
# Platform           : Windows Server 2016 or Windows 10
# Operating System   : 19045
# Processor Detail   : Intel(R) Core(TM) i5-14600KF
# CPU Frequency      : 3494 MHz
# CPU Physical cores : 14
# CPU Logical cores  : 20
# Host memory        : 34152 MB
# Swap memory        : 15032 MB
# Total Virtual      : 49184 MB
# Available Virtual  : 34601 MB
#-----------------------------------------------------------
start_gui
open_project {C:/Users/Mateusz Kozlowski/Documents/zampf/ZAMFP/ZAMFP.xpr}
launch_simulation
update_compile_order -fileset sources_1
